INFO:     Will watch for changes in these directories: ['/Users/schomer/Desktop/Fraud_React_Vite/backend']
INFO:     Uvicorn running on http://127.0.0.1:8000 (Press CTRL+C to quit)
INFO:     Started reloader process [19596] using StatReload
INFO:     Started server process [19599]
INFO:     Waiting for application startup.
INFO:     Application startup complete.
WARNING:  StatReload detected changes in 'scripts/train_bqml.py'. Reloading...
INFO:     Shutting down
INFO:     Waiting for application shutdown.
INFO:     Application shutdown complete.
INFO:     Finished server process [19599]
INFO:     Started server process [22852]
INFO:     Waiting for application startup.
INFO:     Application startup complete.
WARNING:  StatReload detected changes in 'main.py'. Reloading...
INFO:     Shutting down
INFO:     Waiting for application shutdown.
INFO:     Application shutdown complete.
INFO:     Finished server process [22852]
INFO:     Started server process [30436]
INFO:     Waiting for application startup.
INFO:     Application startup complete.
INFO:     127.0.0.1:64835 - "GET /api/transactions HTTP/1.1" 200 OK
INFO:     127.0.0.1:52083 - "GET /api/transactions HTTP/1.1" 200 OK
INFO:     127.0.0.1:52083 - "GET /favicon.ico HTTP/1.1" 404 Not Found
INFO:     127.0.0.1:52306 - "GET /api/transactions HTTP/1.1" 200 OK
INFO:     127.0.0.1:52315 - "GET /api/transactions HTTP/1.1" 200 OK
INFO:     127.0.0.1:52461 - "OPTIONS /api/chat HTTP/1.1" 200 OK
INFO:     127.0.0.1:52461 - "POST /api/chat HTTP/1.1" 200 OK
INFO:     127.0.0.1:52564 - "OPTIONS /api/transactions/a29eab37-7746-4222-909d-6e8507f1ce28 HTTP/1.1" 200 OK
INFO:     127.0.0.1:52564 - "PATCH /api/transactions/a29eab37-7746-4222-909d-6e8507f1ce28 HTTP/1.1" 200 OK
WARNING:  StatReload detected changes in 'main.py'. Reloading...
INFO:     Shutting down
INFO:     Waiting for application shutdown.
INFO:     Application shutdown complete.
INFO:     Finished server process [30436]
INFO:     Started server process [34673]
INFO:     Waiting for application startup.
INFO:     Application startup complete.
INFO:     127.0.0.1:54394 - "OPTIONS /api/chat HTTP/1.1" 200 OK
INFO:     127.0.0.1:54394 - "POST /api/chat HTTP/1.1" 200 OK
INFO:     127.0.0.1:54430 - "POST /api/chat HTTP/1.1" 200 OK
INFO:     127.0.0.1:54474 - "POST /api/chat HTTP/1.1" 200 OK
WARNING:  StatReload detected changes in 'main.py'. Reloading...
INFO:     Shutting down
INFO:     Waiting for application shutdown.
INFO:     Application shutdown complete.
INFO:     Finished server process [34673]
Process SpawnProcess-5:
Traceback (most recent call last):
  File "/Library/Frameworks/Python.framework/Versions/3.13/lib/python3.13/multiprocessing/process.py", line 313, in _bootstrap
    self.run()
    ~~~~~~~~^^
  File "/Library/Frameworks/Python.framework/Versions/3.13/lib/python3.13/multiprocessing/process.py", line 108, in run
    self._target(*self._args, **self._kwargs)
    ~~~~~~~~~~~~^^^^^^^^^^^^^^^^^^^^^^^^^^^^^
  File "/Users/schomer/Desktop/Fraud_React_Vite/backend/.venv/lib/python3.13/site-packages/uvicorn/_subprocess.py", line 80, in subprocess_started
    target(sockets=sockets)
    ~~~~~~^^^^^^^^^^^^^^^^^
  File "/Users/schomer/Desktop/Fraud_React_Vite/backend/.venv/lib/python3.13/site-packages/uvicorn/server.py", line 75, in run
    return asyncio_run(self.serve(sockets=sockets), loop_factory=self.config.get_loop_factory())
  File "/Library/Frameworks/Python.framework/Versions/3.13/lib/python3.13/asyncio/runners.py", line 195, in run
    return runner.run(main)
           ~~~~~~~~~~^^^^^^
  File "/Library/Frameworks/Python.framework/Versions/3.13/lib/python3.13/asyncio/runners.py", line 118, in run
    return self._loop.run_until_complete(task)
           ~~~~~~~~~~~~~~~~~~~~~~~~~~~~~^^^^^^
  File "/Library/Frameworks/Python.framework/Versions/3.13/lib/python3.13/asyncio/base_events.py", line 725, in run_until_complete
    return future.result()
           ~~~~~~~~~~~~~^^
  File "/Users/schomer/Desktop/Fraud_React_Vite/backend/.venv/lib/python3.13/site-packages/uvicorn/server.py", line 79, in serve
    await self._serve(sockets)
  File "/Users/schomer/Desktop/Fraud_React_Vite/backend/.venv/lib/python3.13/site-packages/uvicorn/server.py", line 86, in _serve
    config.load()
    ~~~~~~~~~~~^^
  File "/Users/schomer/Desktop/Fraud_React_Vite/backend/.venv/lib/python3.13/site-packages/uvicorn/config.py", line 441, in load
    self.loaded_app = import_from_string(self.app)
                      ~~~~~~~~~~~~~~~~~~^^^^^^^^^^
  File "/Users/schomer/Desktop/Fraud_React_Vite/backend/.venv/lib/python3.13/site-packages/uvicorn/importer.py", line 19, in import_from_string
    module = importlib.import_module(module_str)
  File "/Library/Frameworks/Python.framework/Versions/3.13/lib/python3.13/importlib/__init__.py", line 88, in import_module
    return _bootstrap._gcd_import(name[level:], package, level)
           ~~~~~~~~~~~~~~~~~~~~~~^^^^^^^^^^^^^^^^^^^^^^^^^^^^^^
  File "<frozen importlib._bootstrap>", line 1387, in _gcd_import
  File "<frozen importlib._bootstrap>", line 1360, in _find_and_load
  File "<frozen importlib._bootstrap>", line 1331, in _find_and_load_unlocked
  File "<frozen importlib._bootstrap>", line 935, in _load_unlocked
  File "<frozen importlib._bootstrap_external>", line 1026, in exec_module
  File "<frozen importlib._bootstrap>", line 488, in _call_with_frames_removed
  File "/Users/schomer/Desktop/Fraud_React_Vite/backend/main.py", line 9, in <module>
    PROJECT_ID = os.environ.get("GOOGLE_CLOUD_PROJECT", "datagravity-demo")
                 ^^
NameError: name 'os' is not defined. Did you forget to import 'os'?
WARNING:  StatReload detected changes in 'main.py'. Reloading...
Process SpawnProcess-6:
Traceback (most recent call last):
  File "/Library/Frameworks/Python.framework/Versions/3.13/lib/python3.13/multiprocessing/process.py", line 313, in _bootstrap
    self.run()
    ~~~~~~~~^^
  File "/Library/Frameworks/Python.framework/Versions/3.13/lib/python3.13/multiprocessing/process.py", line 108, in run
    self._target(*self._args, **self._kwargs)
    ~~~~~~~~~~~~^^^^^^^^^^^^^^^^^^^^^^^^^^^^^
  File "/Users/schomer/Desktop/Fraud_React_Vite/backend/.venv/lib/python3.13/site-packages/uvicorn/_subprocess.py", line 80, in subprocess_started
    target(sockets=sockets)
    ~~~~~~^^^^^^^^^^^^^^^^^
  File "/Users/schomer/Desktop/Fraud_React_Vite/backend/.venv/lib/python3.13/site-packages/uvicorn/server.py", line 75, in run
    return asyncio_run(self.serve(sockets=sockets), loop_factory=self.config.get_loop_factory())
  File "/Library/Frameworks/Python.framework/Versions/3.13/lib/python3.13/asyncio/runners.py", line 195, in run
    return runner.run(main)
           ~~~~~~~~~~^^^^^^
  File "/Library/Frameworks/Python.framework/Versions/3.13/lib/python3.13/asyncio/runners.py", line 118, in run
    return self._loop.run_until_complete(task)
           ~~~~~~~~~~~~~~~~~~~~~~~~~~~~~^^^^^^
  File "/Library/Frameworks/Python.framework/Versions/3.13/lib/python3.13/asyncio/base_events.py", line 725, in run_until_complete
    return future.result()
           ~~~~~~~~~~~~~^^
  File "/Users/schomer/Desktop/Fraud_React_Vite/backend/.venv/lib/python3.13/site-packages/uvicorn/server.py", line 79, in serve
    await self._serve(sockets)
  File "/Users/schomer/Desktop/Fraud_React_Vite/backend/.venv/lib/python3.13/site-packages/uvicorn/server.py", line 86, in _serve
    config.load()
    ~~~~~~~~~~~^^
  File "/Users/schomer/Desktop/Fraud_React_Vite/backend/.venv/lib/python3.13/site-packages/uvicorn/config.py", line 441, in load
    self.loaded_app = import_from_string(self.app)
                      ~~~~~~~~~~~~~~~~~~^^^^^^^^^^
  File "/Users/schomer/Desktop/Fraud_React_Vite/backend/.venv/lib/python3.13/site-packages/uvicorn/importer.py", line 19, in import_from_string
    module = importlib.import_module(module_str)
  File "/Library/Frameworks/Python.framework/Versions/3.13/lib/python3.13/importlib/__init__.py", line 88, in import_module
    return _bootstrap._gcd_import(name[level:], package, level)
           ~~~~~~~~~~~~~~~~~~~~~~^^^^^^^^^^^^^^^^^^^^^^^^^^^^^^
  File "<frozen importlib._bootstrap>", line 1387, in _gcd_import
  File "<frozen importlib._bootstrap>", line 1360, in _find_and_load
  File "<frozen importlib._bootstrap>", line 1331, in _find_and_load_unlocked
  File "<frozen importlib._bootstrap>", line 935, in _load_unlocked
  File "<frozen importlib._bootstrap_external>", line 1026, in exec_module
  File "<frozen importlib._bootstrap>", line 488, in _call_with_frames_removed
  File "/Users/schomer/Desktop/Fraud_React_Vite/backend/main.py", line 132, in <module>
    app.mount("/", StaticFiles(directory="dist", html=True), name="frontend")
                   ~~~~~~~~~~~^^^^^^^^^^^^^^^^^^^^^^^^^^^^^
  File "/Users/schomer/Desktop/Fraud_React_Vite/backend/.venv/lib/python3.13/site-packages/starlette/staticfiles.py", line 56, in __init__
    raise RuntimeError(f"Directory '{directory}' does not exist")
RuntimeError: Directory 'dist' does not exist
