{"type": "status", "message": "Initializing generation context..."}
{"type": "info", "message": "Reading visual_spec.skill.md for design tokens..."}
{"type": "info", "message": "Assessing app_approach.skill.md..."}
{"type": "info", "message": "Assessing orchestrator.skill.md..."}
{"type": "info", "message": "Assessing design/layout.skill.md..."}
{"type": "info", "message": "Scanning router.md for available UI components..."}
{"type": "info", "message": "Matched 9 relevant skills to your prompt!"}
{"type": "info", "message": "Injecting Component Skill: ui/components/button.md"}
{"type": "info", "message": "Injecting Component Skill: ui/components/cards_kpi.md"}
{"type": "info", "message": "Injecting Component Skill: ui/components/overlays.md"}
{"type": "info", "message": "Injecting Component Skill: ui/components/typography.md"}
{"type": "info", "message": "Injecting Component Skill: ui/charts/heatmap.md"}
{"type": "info", "message": "Injecting Component Skill: ui/charts/gauge.md"}
{"type": "info", "message": "Injecting Component Skill: ui/charts/ridgeline.md"}
{"type": "info", "message": "Injecting Component Skill: ui/charts/density_plot.md"}
{"type": "info", "message": "Injecting Component Skill: ui/charts/violin.md"}
{"type": "status", "message": "Prompt completed. Generating application code..."}
{"type": "token", "message": "Analyzing contextRetrieved context for 1 table."}
{"type": "token", "message": "Crafting the DashboardI've made headway on the layout, integrating the navigation and global filter elements. Now, I'm focusing on the KPI cards and preparing the data distribution for the density plot. The `Area` chart from Recharts looks promising for visualizing the distribution. I'm also preparing for data generation to populate these components. I am prioritizing styling with the specified Tailwind hex codes for a consistent look. I've switched to `lucide-react` for icons."}
{"type": "token", "message": "```json\n{\n  \"interpretation\": \"An Executive Dashboard archetype focused on high-level monitoring. I've chosen a 'Classic Grid Dashboard Layout' as per the Layout Pattern skill, prioritizing at-a-glance KPI cards and a specialized density visualization to show price distribution volatility.\",\n  \"skills_utilized\": [\n    \"app_approach.skill.md\",\n    \"design/layout.skill.md\",\n    \"design/visual_spec.skill.md\",\n    \"ui/components/cards_kpi.md\",\n    \"ui/components/typography.md\",\n    \"ui/components/button.md\",\n    \"ui/charts/density_plot.md\",\n    \"ui/components/selection_controls.md\"\n  ],\n  \"assumed_from_scratch\": [\n    \"Date Range Picker logic\",\n    \"Kernel Density Estimation (KDE) simulation for the Density Plot using Recharts Area\"\n  ],\n  \"skill_suggestions\": \"A dedicated 'ui/components/date_range_picker.md' and a 'ui/logic/data_math.md' skill for common statistical transformations like KDE or moving averages would be beneficial.\"\n}\n```\n\n```jsx\nimport React, { useState, useMemo } from 'react';\nimport { \n  AreaChart, \n  Area, \n  XAxis, \n  YAxis, \n  CartesianGrid, \n  Tooltip, \n  ResponsiveContainer \n} from 'recharts';\nimport { \n  TrendingUp, \n  TrendingDown, \n  Download, \n  Calendar, \n  ChevronDown,\n  Filter,\n  RefreshCcw\n} from 'lucide-react';\n\n/**\n * ExecutiveDashboard Component\n * Built using Cloud Data App Skills\n */\nexport default function ExecutiveDashboard() {\n  const [dateRange, setDateRange] = useState('Last 30 Days');\n  const [isExporting, setIsExporting] = useState(false);\n\n  // 1. MOCK DATA GENERATION\n  // KPI Metrics Data\n  const kpiData = [\n    { id: 1, title: 'Total Revenue', value: '$1,245,890', trend: '+12.5%', isPositive: true },\n    { id: 2, title: 'Order Volume', value: '45,231', trend: '+8.2%', isPositive: true },\n    { id: 3, title: 'Avg. Order Value', value: '$27.54', trend: '-2.4%', isPositive: false },\n    { id: 4, title: 'Conversion Rate', value: '3.8%', trend: '+0.5%', isPositive: true },\n  ];\n\n  // Density Plot Data (Simulating a distribution of Sale Prices)\n  const densityData = useMemo(() => {\n    // Generate a normal distribution-like curve for price density\n    return Array.from({ length: 50 }, (_, i) => {\n      const x = i * 4; // Price range from 0 to 200\n      // Gaussian function: y = a * exp(-((x-b)^2 / (2c^2)))\n      const mean = 65;\n      const stdDev = 30;\n      const density = Math.exp(-Math.pow(x - mean, 2) / (2 * Math.pow(stdDev, 2)));\n\n      // Add a bit of realistic noise\n      const noise = (Math.random() - 0.5) * 0.05;\n\n      return {\n        price: x,\n        density: Math.max(0, density + noise),\n        frequency: Math.floor(density * 1200 + Math.random() * 50)\n      };\n    });\n  }, []);\n\n  // 2. INTERACTIVE HANDLERS\n  const handleExport = () => {\n    setIsExporting(true);\n    setTimeout(() => {\n      setIsExporting(false);\n      alert('Dashboard report exported successfully as PDF.');\n    }, 1500);\n  };\n\n  return (\n    <div className=\"min-h-screen p-8 bg-[#ffffff] dark:bg-[#1a1a1a] font-['Inter',_sans-serif]\">\n\n      {/* HEADER SECTION */}\n      <header className=\"flex flex-col md:flex-row md:items-center justify-between mb-8 gap-4\">\n        <div>\n          <h1 className=\"text-[36px] font-[600] leading-none text-[#5c5c5c] dark:text-[#dbdbdb] tracking-[-0.025em]\">\n            Executive Overview\n          </h1>\n          <p className=\"mt-2 text-[14px] text-[#475569] dark:text-[#94a3b8] italic\">\n            Performance snapshot for Malloy E-commerce Retailers\n          </p>\n        </div>\n\n        <div className=\"flex items-center gap-3\">\n          {/* Global Filter: Date Picker */}\n          <div className=\"relative group\">\n            <button className=\"flex items-center gap-2 px-4 py-2 rounded-[8px] border border-[#e2e8f0] dark:border-[#1e293b] bg-[#ffffff] dark:bg-[#121212] text-[#0f172a] dark:text-[#f8fafc] text-[14px] hover:bg-[#f8fafc] dark:hover:bg-[#1e293b] transition-colors\">\n              <Calendar size={16} />\n              <span>{dateRange}</span>\n              <ChevronDown size={14} />\n            </button>\n            <div className=\"absolute right-0 top-full mt-2 w-48 bg-[#ffffff] dark:bg-[#1a1a1a] border border-[#e2e8f0] dark:border-[#1e293b] rounded-[12px] shadow-lg opacity-0 pointer-events-none group-focus-within:opacity-100 group-focus-within:pointer-events-auto z-50 transition-all p-1\">\n              {['Today', 'Last 7 Days', 'Last 30 Days', 'Year to Date'].map((range) => (\n                <button \n                  key={range}\n                  onClick={() => setDateRange(range)}\n                  className=\"w-full text-left px-3 py-2 rounded-[8px] text-[14px] text-[#475569] dark:text-[#cbd5e1] hover:bg-[#eff6ff] dark:hover:bg-[#1e3a8a] transition-colors\"\n                >\n                  {range}\n                </button>\n              ))}\n            </div>\n          </div>\n\n          {/* Action: Export Button */}\n          <button \n            onClick={handleExport}\n            disabled={isExporting}\n            className=\"flex items-center gap-2 px-4 py-2 rounded-[8px] bg-[#50af8b] dark:bg-[#5aa1d8] text-[#ffffff] dark:text-[#000000] text-[14px] font-[500] hover:bg-[#054aa3] dark:hover:bg-[#3875a3] transition-all disabled:opacity-50\"\n          >\n            {isExporting ? <RefreshCcw size={16} className=\"animate-spin\" /> : <Download size={16} />}\n            <span>{isExporting ? 'Exporting...' : 'Export PDF'}</span>\n          </button>\n        </div>\n      </header>\n\n      {/* KPI CARDS ROW */}\n      <section className=\"grid grid-cols-1 md:grid-cols-2 lg:grid-cols-4 gap-6 mb-8\">\n        {kpiData.map((kpi) => (\n          <div \n            key={kpi.id} \n            className=\"bg-[#ffffff] dark:bg-[#1a1a1a] border border-[#e2e8f0] dark:border-[#1e293b] rounded-[12px] p-[20px] transition-all hover:shadow-md\"\n          >\n            <h6 className=\"text-[14px] font-[600] text-[#64748b] dark:text-[#94a3b8] uppercase tracking-[0.05em] mb-2\">\n              {kpi.title}\n            </h6>\n            <div className=\"flex items-baseline justify-between\">\n              <span className=\"text-[30px] font-[600] text-[#5e555d] dark:text-[#c2cadb] tracking-[-0.025em]\">\n                {kpi.value}\n              </span>\n              <div className={`flex items-center text-[12px] font-[500] ${kpi.isPositive ? 'text-[#047857]' : 'text-[#be123c]'}`}>\n                {kpi.isPositive ? <TrendingUp size={14} className=\"mr-1\" /> : <TrendingDown size={14} className=\"mr-1\" />}\n                {kpi.trend}\n              </div>\n            </div>\n            <div className=\"mt-4 w-full bg-[#f1f5f9] dark:bg-[#262626] h-1 rounded-full overflow-hidden\">\n               <div \n                className={`h-full rounded-full ${kpi.isPositive ? 'bg-[#50af8b]' : 'bg-[#cf5959]'}`} \n                style={{ width: kpi.isPositive ? '75%' : '40%' }}\n              />\n            </div>\n          </div>\n        ))}\n      </section>\n\n      {/* MAIN CHART SECTION */}\n      <section className=\"grid grid-cols-1 gap-8\">\n        <div className=\"bg-[#ffffff] dark:bg-[#1a1a1a] border border-[#e2e8f0] dark:border-[#1e293b] rounded-[12px] p-6\">\n          <div className=\"flex items-center justify-between mb-8\">\n            <div>\n              <h3 className=\"text-[24px] font-[600] text-[#5c5c5c] dark:text-[#dbdbdb] tracking-[-0.025em]\">\n                Sale Price Distribution\n              </h3>\n              <p className=\"text-[12px] text-[#64748b] dark:text-[#94a3b8]\">\n                Density visualization of transaction values across all inventory items\n              </p>\n            </div>\n            <div className=\"flex gap-2\">\n              <button className=\"p-2 rounded-[8px] bg-[#f1f5f9] dark:bg-[#1e293b] text-[#64748b] dark:text-[#94a3b8] hover:text-[#0d67df] dark:hover:text-[#60a5fa]\">\n                <Filter size={18} />\n              </button>\n            </div>\n          </div>\n\n          <div className=\"h-[400px] w-full\">\n            <ResponsiveContainer width=\"100%\" height=\"100%\">\n              <AreaChart\n                data={densityData}\n                margin={{ top: 10, right: 30, left: 0, bottom: 0 }}\n              >\n                <defs>\n                  <linearGradient id=\"colorDensity\" x1=\"0\" y1=\"0\" x2=\"0\" y2=\"1\">\n                    <stop offset=\"5%\" stopColor=\"#b624eb\" stopOpacity={0.3}/>\n                    <stop offset=\"95%\" stopColor=\"#b624eb\" stopOpacity={0}/>\n                  </linearGradient>\n                </defs>\n                <CartesianGrid \n                  strokeDasharray=\"3 3\" \n                  vertical={false} \n                  stroke={document.documentElement.classList.contains('dark') ? '#262626' : '#f1f5f9'} \n                />\n                <XAxis \n                  dataKey=\"price\" \n                  axisLine={false}\n                  tickLine={false}\n                  tick={{ fontSize: 12, fill: '#64748b' }}\n                  label={{ value: 'Sale Price ($)', position: 'insideBottom', offset: -5, fontSize: 12, fill: '#64748b' }}\n                />\n                <YAxis \n                  axisLine={false}\n                  tickLine={false}\n                  tick={{ fontSize: 12, fill: '#64748b' }}\n                  label={{ value: 'Density', angle: -90, position: 'insideLeft', fontSize: 12, fill: '#64748b' }}\n                />\n                <Tooltip \n                  contentStyle={{ \n                    backgroundColor: '#ffffff', \n                    border: '1px solid #e2e8f0',\n                    borderRadius: '8px',\n                    fontSize: '12px',\n                    color: '#0f172a'\n                  }}\n                  cursor={{ stroke: '#b624eb', strokeWidth: 2 }}\n                />\n                <Area \n                  type=\"monotone\" \n                  dataKey=\"density\" \n                  stroke=\"#b624eb\" \n                  strokeWidth={3}\n                  fillOpacity={1} \n                  fill=\"url(#colorDensity)\" \n                  animationDuration={1500}\n                />\n              </AreaChart>\n            </ResponsiveContainer>\n          </div>\n\n          <div className=\"mt-6 flex flex-wrap gap-6 border-t border-[#f1f5f9] dark:border-[#262626] pt-6\">\n            <div className=\"flex items-center gap-2\">\n              <div className=\"w-3 h-3 rounded-full bg-[#b624eb]\" />\n              <span className=\"text-[12px] text-[#475569] dark:text-[#cbd5e1]\">Overall Market Density</span>\n            </div>\n            <div className=\"flex flex-col\">\n              <span className=\"text-[11px] uppercase font-[600] text-[#94a3b8]\">Peak Intensity</span>\n              <span className=\"text-[16px] font-[600] text-[#5c5c5c] dark:text-[#dbdbdb]\">$65.00</span>\n            </div>\n            <div className=\"flex flex-col\">\n              <span className=\"text-[11px] uppercase font-[600] text-[#94a3b8]\">Sample Size</span>\n              <span className=\"text-[16px] font-[600] text-[#5c5c5c] dark:text-[#dbdbdb]\">14,202 orders</span>\n            </div>\n          </div>\n        </div>\n      </section>\n\n      {/* FOOTER AUDIT TABLE - AS PER LAYOUT RULES */}\n      <footer className=\"mt-8 bg-[#ffffff] dark:bg-[#1a1a1a] border border-[#e2e8f0] dark:border-[#1e293b] rounded-[12px] overflow-hidden\">\n        <div className=\"px-6 py-4 border-b border-[#e2e8f0] dark:border-[#1e293b] bg-[#f8fafc] dark:bg-[#121212]\">\n          <h4 className=\"text-[14px] font-[600] text-[#0f172a] dark:text-[#f8fafc]\">Recent Insights Audit</h4>\n        </div>\n        <div className=\"p-6 text-center\">\n          <div className=\"inline-flex items-center gap-2 px-3 py-1 rounded-full bg-[#eff6ff] dark:bg-[#1e3a8a] text-[#1d4ed8] dark:text-[#bfdbfe] text-[12px] font-[500] mb-4\">\n            <RefreshCcw size={12} />\n            Auto-refreshing every 5 minutes\n          </div>\n          <p className=\"text-[14px] text-[#94a3b8] italic\">\n            \"Revenue is trending 12.5% above the monthly target. Peak sales distribution is currently concentrated in the mid-market price point ($60-$75).\"\n          </p>\n        </div>\n      </footer>\n    </div>\n  );\n}\n```"}
{"type": "status", "message": "AI finished generating. Processing code blocks..."}
{"type": "info", "message": "Validating JSX syntax..."}
{"type": "info", "message": "Launching Headless Chromium for Visual QA... waiting for component to mount on frontend."}
{"type": "info", "message": "Visual QA skipped: Page.goto: net::ERR_CONNECTION_REFUSED at http://127.0.0.1:3001/?app=App_1777240697\nCall log:\n  - navigating to \"http://127.0.0.1:3001/?app=App_1777240697\", waiting until \"networkidle\"\n"}
{"type": "complete", "app_id": "App_1777240697"}
